cur_object_id: 30
next_id: 8
region:
  id: 1
  layers:
    ---
    active: true
    grids:
      -1_-1:
        id: 6
        tpl: 15
      -1_0:
        id: 7
        tpl: 20
      -2_-1:
        id: 5
        tpl: 14
      1_-1:
        id: 8
        tpl: 30
    height: -1
    id: 2
    ---
    active: false
    grids: {}
    height: 0
    id: 3
    ---
    active: false
    grids: {}
    height: 1
    id: 4
  max:
    x: 2
    y: 2
  min:
    x: -2
    y: -2
region_index: 1
regions:
  ---
  id: 1
  layers:
    ---
    active: true
    grids:
      -1_-2:
        id: 6
        tpl: 1
      -1_2:
        id: 15
        tpl: 1
      -2_-1:
        id: 11
        tpl: 1
      -2_-2:
        id: 5
        tpl: 1
      -2_0:
        id: 12
        tpl: 1
      -2_1:
        id: 13
        tpl: 1
      -2_2:
        id: 14
        tpl: 1
      0_-2:
        id: 7
        tpl: 1
      0_2:
        id: 16
        tpl: 1
      1_-2:
        id: 8
        tpl: 1
      1_2:
        id: 17
        tpl: 1
      2_-1:
        id: 21
        tpl: 1
      2_-2:
        id: 9
        tpl: 1
      2_0:
        id: 20
        tpl: 1
      2_1:
        id: 19
        tpl: 1
      2_2:
        id: 18
        tpl: 1
    height: -1
    id: 2
    ---
    active: true
    grids:
      -1_-3:
        id: 33
        tpl: 3
      -1_4:
        id: 27
        tpl: 15
      -2_-3:
        id: 31
        tpl: 3
      -2_4:
        id: 24
        tpl: 20
      -3_-1:
        id: 36
        tpl: 3
      -3_2:
        id: 37
        tpl: 3
      -3_4:
        id: 22
        tpl: 14
      -4_0:
        id: 32
        tpl: 30
      0_-3:
        id: 34
        tpl: 3
      0_4:
        id: 28
        tpl: 12
      1_-3:
        id: 35
        tpl: 3
      1_4:
        id: 29
        tpl: 11
      2_-3:
        id: 25
        tpl: 21
      2_0:
        id: 10
        tpl: 99
      2_4:
        id: 23
        tpl: 15
      3_4:
        id: 30
        tpl: 10
    height: 0
    id: 3
    ---
    active: false
    grids: {}
    height: 1
    id: 4
  max:
    x: 4
    y: 5
  min:
    x: -4
    y: -4
setting: {}
show_ground: true
version: 1