cur_object_id: 2
next_id: 55
region_index: 1
regions:
  ---
  id: 1
  layers:
    ---
    active: true
    grids:
      -1_-1:
        id: 21
        tpl: 1
      -1_-2:
        id: 6
        tpl: 1
      -1_0:
        id: 22
        tpl: 1
      -1_1:
        id: 23
        tpl: 1
      -1_2:
        id: 10
        tpl: 1
      -1_3:
        id: 40
        tpl: 1
      -1_4:
        id: 47
        tpl: 1
      -2_-1:
        id: 20
        tpl: 1
      -2_0:
        id: 7
        tpl: 1
      -2_1:
        id: 8
        tpl: 1
      -2_2:
        id: 9
        tpl: 1
      -2_3:
        id: 39
        tpl: 1
      -2_4:
        id: 46
        tpl: 1
      0_-1:
        id: 26
        tpl: 1
      0_-2:
        id: 19
        tpl: 1
      0_0:
        id: 25
        tpl: 1
      0_1:
        id: 24
        tpl: 1
      0_2:
        id: 11
        tpl: 1
      0_3:
        id: 41
        tpl: 1
      0_4:
        id: 48
        tpl: 1
      1_-1:
        id: 27
        tpl: 1
      1_-2:
        id: 18
        tpl: 1
      1_0:
        id: 28
        tpl: 1
      1_1:
        id: 29
        tpl: 1
      1_2:
        id: 12
        tpl: 1
      1_3:
        id: 42
        tpl: 1
      1_4:
        id: 49
        tpl: 1
      2_-1:
        id: 16
        tpl: 1
      2_-2:
        id: 17
        tpl: 1
      2_0:
        id: 15
        tpl: 1
      2_1:
        id: 14
        tpl: 1
      2_2:
        id: 13
        tpl: 1
      2_3:
        id: 43
        tpl: 1
      2_4:
        id: 50
        tpl: 1
      3_2:
        id: 45
        tpl: 1
      3_3:
        id: 44
        tpl: 1
      3_4:
        id: 51
        tpl: 1
      4_2:
        id: 54
        tpl: 1
      4_3:
        id: 52
        tpl: 1
      4_4:
        id: 53
        tpl: 1
    height: -1
    id: 2
    ---
    active: true
    grids:
      -1_0:
        id: 33
        tpl: 10
      -2_-2:
        id: 55
        tpl: 2
      2_2:
        id: 32
        tpl: 101
    height: 0
    id: 3
    ---
    active: false
    grids: {}
    height: 1
    id: 4
  max:
    x: 4
    y: 4
  min:
    x: -3
    y: -3
setting:
  grid_def: /pkg/sims1.res/goap/def_grid.txt
show_ground: true
version: 1