cur_object_id: 1
next_id: 37
region:
  id: 1
  layers:
    ---
    active: true
    grids:
      -1_-1:
        id: 19
        tpl: 1
      -1_-2:
        id: 18
        tpl: 1
      -1_0:
        id: 20
        tpl: 1
      -1_1:
        id: 21
        tpl: 1
      -1_2:
        id: 22
        tpl: 1
      -2_-1:
        id: 14
        tpl: 1
      -2_-2:
        id: 13
        tpl: 1
      -2_0:
        id: 15
        tpl: 1
      -2_1:
        id: 16
        tpl: 1
      -2_2:
        id: 17
        tpl: 1
      0_-1:
        id: 24
        tpl: 1
      0_-2:
        id: 23
        tpl: 1
      0_0:
        id: 25
        tpl: 1
      0_1:
        id: 26
        tpl: 1
      0_2:
        id: 27
        tpl: 1
      1_-1:
        id: 29
        tpl: 1
      1_-2:
        id: 28
        tpl: 1
      1_0:
        id: 30
        tpl: 1
      1_1:
        id: 31
        tpl: 1
      1_2:
        id: 32
        tpl: 1
      2_-1:
        id: 34
        tpl: 1
      2_-2:
        id: 33
        tpl: 1
      2_0:
        id: 35
        tpl: 1
      2_1:
        id: 36
        tpl: 1
      2_2:
        id: 37
        tpl: 1
    height: -1
    id: 2
    ---
    active: false
    grids:
      -1_0:
        id: 7
        tpl: 10
      0_0:
        id: 6
        tpl: 1
    height: 0
    id: 3
    ---
    active: false
    grids:
      1_0:
        id: 10
        tpl: 1
    height: 1
    id: 4
    ---
    active: false
    grids:
      1_0:
        id: 12
        tpl: 201
    height: 2
    id: 11
  max:
    x: 2
    y: 2
  min:
    x: -2
    y: -2
setting:
  grid_def: /pkg/sims.res/scenes/grid_def.txt
show_ground: true
version: 1